
> frontend@0.0.0 build
> vite build

[36mvite v8.0.16 [32mbuilding client environment for production...[36m[39m
[2K
transforming...Ô£ô 1060 modules transformed.
rendering chunks...
computing gzip size...
dist/index.html                   0.78 kB Ôöé gzip:   0.43 kB
dist/assets/index-BPkyihVx.css   59.27 kB Ôöé gzip:   9.46 kB
dist/assets/index-D9e3HhqC.js   814.79 kB Ôöé gzip: 246.39 kB

[32mÔ£ô built in 4.08s[39m
npm : [33m[plugin builtin:vite-reporter] 
At line:1 char:47
+ ... sktop\PulseX\frontend ; npm run build > build-output.txt 2>&1 ; Write ...
+                             ~~~~~~~~~~~~~~~~~~~~~~~~~~~~~~~~~~~~~
    + CategoryInfo          : NotSpecified: ([33m[plugin builtin:vite-reporte 
   r] :String) [], RemoteException
    + FullyQualifiedErrorId : NativeCommandError
 
(!) Some chunks are larger than 500 kB after minification. Consider:
- Using dynamic import() to code-split the application
- Use build.rolldownOptions.output.codeSplitting to improve chunking: 
https://rolldown.rs/reference/OutputOptions.codeSplitting
- Adjust chunk size limit for this warning via 
build.chunkSizeWarningLimit.[39m
